ARIMA Model Fit:
Mean Squared Error (MSE): 195.97994485456613
Mean Percentage Error (MPE): -8.332437233339872%
Absolute Mean Percentage Error (MPE): 12.628674771551825%
Best Fit Frequency: 50.0%


Mean Squared Error (MSE): 348.0004512637107
Mean Percentage Error (MPE): -6.28221120752505%
Absolute Mean Percentage Error (MPE): 15.979131451698887%
Best Fit Frequency: 25.0%


Hybrid Model Fit:
Average Weighted Average Ratio: 0.6376000000000001 to ARIMA
Mean Squared Error (MSE): 163.50690956672756
Mean Percentage Error (MPE): -4.184522671148871%
Absolute Mean Percentage Error (MPE): 7.830032061614044%
Best Fit Frequency: 25.0%
